============================= test session starts =============================
platform win32 -- Python 3.14.0, pytest-9.0.2, pluggy-1.6.0 -- C:\Python314\python.exe
cachedir: .pytest_cache
rootdir: C:\Users\21655\Desktop\Devops-project
plugins: cov-7.0.0
collecting ... collected 0 items / 2 errors

=================================== ERRORS ====================================
________________________ ERROR collecting test_api.py _________________________
ImportError while importing test module 'C:\Users\21655\Desktop\Devops-project\test_api.py'.
Hint: make sure your test modules/packages have valid Python names.
Traceback:
C:\Python314\Lib\importlib\__init__.py:88: in import_module
    return _bootstrap._gcd_import(name[level:], package, level)
           ^^^^^^^^^^^^^^^^^^^^^^^^^^^^^^^^^^^^^^^^^^^^^^^^^^^^
test_api.py:3: in <module>
    from app import app
app.py:7: in <module>
    from flask_cors import CORS
E   ModuleNotFoundError: No module named 'flask_cors'
______________________ ERROR collecting test_tracing.py _______________________
ImportError while importing test module 'C:\Users\21655\Desktop\Devops-project\test_tracing.py'.
Hint: make sure your test modules/packages have valid Python names.
Traceback:
C:\Python314\Lib\importlib\__init__.py:88: in import_module
    return _bootstrap._gcd_import(name[level:], package, level)
           ^^^^^^^^^^^^^^^^^^^^^^^^^^^^^^^^^^^^^^^^^^^^^^^^^^^^
test_tracing.py:3: in <module>
    from app import app
app.py:7: in <module>
    from flask_cors import CORS
E   ModuleNotFoundError: No module named 'flask_cors'
=========================== short test summary info ===========================
ERROR test_api.py
ERROR test_tracing.py
!!!!!!!!!!!!!!!!!!! Interrupted: 2 errors during collection !!!!!!!!!!!!!!!!!!!
============================== 2 errors in 0.27s ==============================
